// Jest Snapshot v1, https://goo.gl/fbAQLP

exports[`should render EditExpensePage 1`] = `
<div>
  <h1>
    Expense form
  </h1>
  <ExpenseForm
    expense={
      Object {
        "amount": 123,
        "createdAt": 0,
        "description": "gum",
        "id": "1",
        "note": "gum",
      }
    }
    onDelete={[Function]}
    onSubmit={[Function]}
  />
</div>
`;
